exports[`Test suite for App Component renders correctly 1`] = `
<div
  className="application">
  <header
    className={undefined}>
    <div
      className={undefined}
      data-wow-delay="0.5s">
      <h2>
        WeLikeGraphQL
      </h2>
    </div>
    <nav
      className={undefined}>
      <div>
        <div>
          Loading....
        </div>
        <div
          className="dropdown btn-group btn-group-default">
          <button
            aria-expanded={false}
            aria-haspopup={true}
            className="dropdown-toggle btn btn-default"
            disabled={false}
            id="dropdown"
            onClick={[Function]}
            onKeyDown={[Function]}
            role="button"
            type="button">
            <span />
          </button>
          <ul
            aria-labelledby="dropdown"
            className="dropdown-menu"
            role="menu" />
        </div>
      </div>
      <div>
        Loading....
      </div>
    </nav>
  </header>
  <div>
    Loading....
  </div>
</div>
`;
