exports[`MenuItemLink Component renders correctly 1`] = `
<a
  className={undefined}
  onClick={[Function]}>
  title
</a>
`;
