exports[`Menu Component renders correctly 1`] = `
<div>
  <div>
    Loading....
  </div>
  <div
    className="dropdown btn-group btn-group-default">
    <button
      aria-expanded={false}
      aria-haspopup={true}
      className="dropdown-toggle btn btn-default"
      disabled={false}
      id="dropdown"
      onClick={[Function]}
      onKeyDown={[Function]}
      role="button"
      type="button">
      <span />
    </button>
    <ul
      aria-labelledby="dropdown"
      className="dropdown-menu"
      role="menu" />
  </div>
</div>
`;
